Test Content 3